[15:24:04] [ServerMain/INFO]: Environment: Environment[sessionHost=https://sessionserver.mojang.com, servicesHost=https://api.minecraftservices.com, profilesHost=https://api.mojang.com, name=PROD]
[15:24:06] [ServerMain/INFO]: Loaded 1470 recipes
[15:24:06] [ServerMain/INFO]: Loaded 1584 advancements
[15:24:06] [Server thread/INFO]: Starting minecraft server version 1.21.11
[15:24:06] [Server thread/INFO]: Loading properties
[15:24:06] [Server thread/INFO]: Default game type: SURVIVAL
[15:24:06] [Server thread/INFO]: Generating keypair
[15:24:07] [Server thread/INFO]: Starting Minecraft server on *:25565
[15:24:07] [Server thread/WARN]: **** SERVER IS RUNNING IN OFFLINE/INSECURE MODE!
[15:24:07] [Server thread/WARN]: The server will make no attempt to authenticate usernames. Beware.
[15:24:07] [Server thread/WARN]: While this makes the game possible to play without internet access, it also opens up the ability for hackers to connect with any username they choose.
[15:24:07] [Server thread/WARN]: To change this, set "online-mode" to "true" in the server.properties file.
[15:24:07] [Server thread/INFO]: Preparing level "world"
[15:24:07] [Server thread/INFO]: Loading 0 persistent chunks...
[15:24:07] [Server thread/INFO]: Preparing spawn area: 100%
[15:24:07] [Server thread/INFO]: Time elapsed: 14 ms
[15:24:07] [Server thread/INFO]: Done (0.427s)! For help, type "help"
[15:24:24] [Server thread/INFO]: UPFUTX_300[/10.242.149.228:59567] logged in with entity id 89 at (230.48183396928013, 72.0, 2269.1695135144664)
[15:24:24] [Server thread/INFO]: UPFUTX_300 joined the game
[15:25:55] [Server thread/INFO]: chino555[/10.242.90.119:57868] logged in with entity id 1983 at (7604.03661654759, 63.24918707874468, -418.92221220880305)
[15:25:55] [Server thread/INFO]: chino555 joined the game
[15:28:17] [Server thread/INFO]: chino555 lost connection: Disconnected
[15:28:17] [Server thread/INFO]: chino555 left the game
[15:28:30] [Server thread/INFO]: chino555[/10.242.90.119:51492] logged in with entity id 5141 at (7651.291976741068, 63.162141421026995, -364.12153980836166)
[15:28:30] [Server thread/INFO]: chino555 joined the game
[15:29:43] [Server thread/INFO]: chino555 has made the advancement [Best Friends Forever]
[15:29:56] [Server thread/INFO]: chino555 lost connection: Disconnected
[15:29:56] [Server thread/INFO]: chino555 left the game
[15:36:01] [Server thread/INFO]: chino555[/10.242.90.119:54297] logged in with entity id 8030 at (7645.598398010689, 64.84375002384186, -357.5179347926434)
[15:36:01] [Server thread/INFO]: chino555 joined the game
[15:43:28] [Server thread/INFO]: chino555 has made the advancement [Diamonds!]
[15:46:23] [Server thread/INFO]: UPFUTX_300 has made the advancement [Hot Stuff]
[15:47:55] [Server thread/INFO]: chino555 has made the advancement [Ice Bucket Challenge]
[15:56:41] [Server thread/WARN]: Mismatch in destroy block pos: is{x=7007, y=105, z=-480} is{x=7006, y=105, z=-481}
[15:56:50] [Server thread/INFO]: UPFUTX_300 has made the advancement [Not Today, Thank You]
[15:56:54] [Server thread/WARN]: Mismatch in destroy block pos: is{x=7011, y=107, z=-479} is{x=7011, y=105, z=-479}
[15:56:54] [Server thread/WARN]: Mismatch in destroy block pos: is{x=7011, y=107, z=-479} is{x=7011, y=105, z=-479}
[15:56:54] [Server thread/WARN]: Mismatch in destroy block pos: is{x=7011, y=107, z=-478} is{x=7011, y=105, z=-478}
[15:56:56] [Server thread/WARN]: Mismatch in destroy block pos: is{x=7010, y=107, z=-477} is{x=7009, y=106, z=-476}
[15:56:56] [Server thread/WARN]: Mismatch in destroy block pos: is{x=7010, y=107, z=-477} is{x=7009, y=106, z=-476}
[16:01:59] [Server thread/INFO]: chino555 lost connection: Disconnected
[16:01:59] [Server thread/INFO]: chino555 left the game
[16:02:13] [Server thread/INFO]: chino555[/10.242.90.119:55687] logged in with entity id 25608 at (7015.300000011921, 104.0, -482.30000001192093)
[16:02:13] [Server thread/INFO]: chino555 joined the game
[16:02:40] [Server thread/INFO]: UPFUTX_300 has made the advancement [Cover Me with Diamonds]
[16:04:01] [Server thread/INFO]: UPFUTX_300 has made the advancement [We Need to Go Deeper]
[16:04:03] [Server thread/WARN]: Can't keep up! Is the server overloaded? Running 3341ms or 66 ticks behind
[16:06:05] [Server thread/WARN]: Mismatch in destroy block pos: is{x=7342, y=85, z=-247} is{x=7342, y=83, z=-246}
[16:06:06] [Server thread/WARN]: Mismatch in destroy block pos: is{x=7345, y=84, z=-244} is{x=7345, y=84, z=-243}
[16:06:34] [Server thread/WARN]: Mismatch in destroy block pos: is{x=7324, y=83, z=-260} is{x=7324, y=82, z=-258}
[16:06:35] [Server thread/INFO]: UPFUTX_300 lost connection: Disconnected
[16:06:35] [Server thread/INFO]: UPFUTX_300 left the game
[16:06:39] [Server thread/WARN]: Mismatch in destroy block pos: is{x=7319, y=84, z=-264} is{x=7318, y=82, z=-264}
[16:06:39] [Server thread/INFO]: [Not Secure] [Server] asd
[16:06:56] [Server thread/WARN]: Mismatch in destroy block pos: is{x=7319, y=83, z=-262} is{x=7320, y=82, z=-264}
[16:07:02] [Server thread/WARN]: Mismatch in destroy block pos: is{x=7317, y=81, z=-261} is{x=7318, y=81, z=-262}
[16:08:21] [Server thread/INFO]: UPFUTX_300[/10.242.149.228:53407] logged in with entity id 31070 at (912.1558724802077, 68.0, 2059.411358450658)
[16:08:21] [Server thread/INFO]: UPFUTX_300 joined the game
[16:12:03] [Server thread/WARN]: Mismatch in destroy block pos: is{x=7319, y=82, z=-253} is{x=7320, y=80, z=-254}
[16:12:04] [Server thread/WARN]: Mismatch in destroy block pos: is{x=7319, y=82, z=-253} is{x=7320, y=80, z=-254}
[16:12:04] [Server thread/WARN]: Mismatch in destroy block pos: is{x=7320, y=82, z=-253} is{x=7320, y=80, z=-254}
[16:15:44] [Server thread/INFO]: chino555 has made the advancement [Not Today, Thank You]
[16:21:15] [Server thread/INFO]: UPFUTX_300 has made the advancement [Those Were the Days]
[16:23:25] [Server thread/INFO]: UPFUTX_300 has made the advancement [War Pigs]
[16:23:28] [Server thread/INFO]: UPFUTX_300 has made the advancement [Hidden in the Depths]
[16:23:34] [Server thread/INFO]: UPFUTX_300 has made the advancement [Who is Cutting Onions?]
[16:29:07] [Server thread/INFO]: chino555 was blown up by Creeper
[16:40:46] [Server thread/INFO]: chino555 lost connection: Disconnected
[16:40:46] [Server thread/INFO]: chino555 left the game
[16:40:58] [Server thread/INFO]: chino555[/10.242.90.119:57975] logged in with entity id 49592 at (6929.791847629312, -44.0, -229.89137773095024)
[16:40:58] [Server thread/INFO]: chino555 joined the game
[16:49:07] [Server thread/INFO]: UPFUTX_300 lost connection: Disconnected
[16:49:07] [Server thread/INFO]: UPFUTX_300 left the game
[16:49:09] [Server thread/INFO]: chino555 lost connection: Disconnected
[16:49:09] [Server thread/INFO]: chino555 left the game
[16:49:21] [Server thread/INFO]: Stopping the server
[16:49:21] [Server thread/INFO]: Stopping server
[16:49:21] [Server thread/INFO]: Saving players
[16:49:21] [Server thread/INFO]: Saving worlds
[16:49:21] [Server thread/INFO]: Saving chunks for level 'ServerLevel[world]'/minecraft:overworld
[16:49:21] [Server thread/INFO]: Saving chunks for level 'ServerLevel[world]'/minecraft:the_end
[16:49:21] [Server thread/INFO]: Saving chunks for level 'ServerLevel[world]'/minecraft:the_nether
[16:49:21] [Server thread/INFO]: ThreadedAnvilChunkStorage (world): All chunks are saved
[16:49:21] [Server thread/INFO]: ThreadedAnvilChunkStorage (DIM1): All chunks are saved
[16:49:21] [Server thread/INFO]: ThreadedAnvilChunkStorage (DIM-1): All chunks are saved
[16:49:21] [Server thread/INFO]: ThreadedAnvilChunkStorage: All dimensions are saved
